// Jest Snapshot v1, https://goo.gl/fbAQLP

exports[`snap shot test 1`] = `
Array [
  <input
    checked={false}
    onChange={[Function]}
    type="checkbox"
  />,
  <header
    data_test="header"
  >
    <div
      className="logo_search"
    >
      <div
        className="logo"
      >
        <a
          data_test="logo"
          href="/"
          onClick={[Function]}
        >
          Logo
        </a>
      </div>
      <div
        className="search"
      >
        <input
          id=""
          name=""
          placeholder="search"
          type="text"
        />
      </div>
    </div>
    <div
      className="my_works_social_media_notifications"
    >
      <span
        className="notify"
      >
        <i
          className="fa-regular fa-bell fontawesome_item"
        />
      </span>
      <span
        className="portfolio"
      >
        <a
          className=""
          href="/"
          onClick={[Function]}
        >
          <i
            className="fa-regular fa-address-card fontawesome_item"
          />
           
        </a>
      </span>
      <span
        class="dropdown profile"
      >
        <a
          href="/"
          onClick={[Function]}
        >
           
          <i
            className="fa-solid fa-user fontawesome_item"
          />
           
        </a>
        <div
          class="dropdown-content"
        >
          <br />
          <button
            onClick={[Function]}
          >
            Google Signin
          </button>
        </div>
      </span>
    </div>
  </header>,
]
`;
